// Jest Snapshot v1, https://goo.gl/fbAQLP

exports[`Testing the HighscoreForm component should match the snapshot 1`] = `"<div class=\\"highscore_form_container\\"><form class=\\"highscore_form\\"><label>Please enter a nickname for the highscore list:</label><br/><br/><input type=\\"text\\" class=\\"enterNickname\\" value=\\"\\" placeholder=\\"Enter nickname\\"/><p class=\\"name_info\\" data-testid=\\"name_info_test\\"></p><input type=\\"submit\\" data-testid=\\"submit_test\\" class=\\"submit\\" value=\\"Submit\\"/></form><p class=\\"score_info\\" data-testid=\\"score_info_test\\"></p></div>"`;
