// Jest Snapshot v1, https://goo.gl/fbAQLP

exports[`testing the PlayerWon component should match the snapshot 1`] = `"<div class=\\"playerWon\\"><h3>Congratulations!</h3><p>You have now built a science centre in every continent and</p><p>therefore saved the world in 0 turns and with the time: 0:0!</p><div class=\\"highscore_form_container\\"><form class=\\"highscore_form\\"><label>Please enter a nickname for the highscore list:</label><br/><br/><input type=\\"text\\" class=\\"enterNickname\\" value=\\"\\" placeholder=\\"Enter nickname\\"/><p class=\\"name_info\\" data-testid=\\"name_info_test\\"></p><input type=\\"submit\\" data-testid=\\"submit_test\\" class=\\"submit\\" value=\\"Submit\\"/></form><p class=\\"score_info\\" data-testid=\\"score_info_test\\"></p></div><button class=\\"tryAgain\\">Try again?</button></div>"`;
