// Jest Snapshot v1, https://goo.gl/fbAQLP

exports[`Testing the Stations component should match the snapshot 1`] = `"<img src=\\"station.png\\" alt=\\"Science station for North America\\" id=\\"firstStation\\" class=\\"station\\" style=\\"visibility:hidden\\"/><img src=\\"station.png\\" alt=\\"Science station for South America\\" id=\\"secondStation\\" class=\\"station\\" style=\\"visibility:hidden\\"/><img src=\\"station.png\\" alt=\\"Science station for Africa\\" id=\\"thirdStation\\" class=\\"station\\" style=\\"visibility:hidden\\"/><img src=\\"station.png\\" alt=\\"Science station for Europe\\" id=\\"fourthStation\\" class=\\"station\\" style=\\"visibility:hidden\\"/><img src=\\"station.png\\" alt=\\"Science station for Asia\\" id=\\"firthStation\\" class=\\"station\\" style=\\"visibility:hidden\\"/><img src=\\"station.png\\" alt=\\"Science station for Australia\\" id=\\"sixthStation\\" class=\\"station\\" style=\\"visibility:hidden\\"/>"`;
